\BOOKMARK [1][-]{section.1}{\376\377\000I\000n\000t\000r\000o\000d\000u\000c\000t\000i\000o\000n}{}% 1
\BOOKMARK [2][-]{subsection.1.1}{\376\377\273\070\310\034\000\040\274\060\254\275}{section.1}% 2
\BOOKMARK [2][-]{subsection.1.2}{\376\377\317\124\264\334\000\040\305\264\302\334\302\244\321\064\302\244\307\130\000\040\305\355\325\140}{section.1}% 3
\BOOKMARK [2][-]{subsection.1.3}{\376\377\320\164\267\174\306\260\264\334\000\040\272\250\263\170\000\040\263\000\276\104\000\040\270\134\316\354\000\040\000L\000L\000M\307\130\000\040\310\034\305\175}{section.1}% 4
\BOOKMARK [2][-]{subsection.1.4}{\376\377\301\061\262\245\000\040\325\130\267\175\307\130\000\040\306\320\307\170}{section.1}% 5
\BOOKMARK [1][-]{section.2}{\376\377\000R\000e\000l\000a\000t\000e\000d\000\040\000W\000o\000r\000k}{}% 6
\BOOKMARK [2][-]{subsection.2.1}{\376\377\317\124\264\334\000\040\300\335\301\061\000\040\272\250\263\170\254\374\000\040\317\124\264\334\000\040\305\264\302\334\302\244\321\064\302\244}{section.2}% 7
\BOOKMARK [2][-]{subsection.2.2}{\376\377\306\044\325\010\000\040\317\124\264\334\000\040\272\250\263\170\254\374\000\040\270\134\316\354\000\040\302\344\325\211}{section.2}% 8
\BOOKMARK [2][-]{subsection.2.3}{\376\377\000C\000o\000n\000t\000e\000x\000t\000\040\000W\000i\000n\000d\000o\000w\000\040\000O\000v\000e\000r\000f\000l\000o\000w\306\100\000\040\000P\000o\000i\000n\000t\000e\000r\000\040\274\051\302\335}{section.2}% 9
\BOOKMARK [2][-]{subsection.2.4}{\376\377\000S\000e\000l\000f\000-\000E\000x\000t\000e\000n\000d\306\100\000\040\000L\000o\000n\000g\000\040\000C\000o\000n\000t\000e\000x\000t\000\040\326\125\307\245}{section.2}% 10
\BOOKMARK [1][-]{section.3}{\376\377\000P\000r\000o\000p\000o\000s\000e\000d\000\040\000S\000y\000s\000t\000e\000m}{}% 11
\BOOKMARK [2][-]{subsection.3.1}{\376\377\302\334\302\244\321\134\000\040\272\251\324\134}{section.3}% 12
\BOOKMARK [2][-]{subsection.3.2}{\376\377\255\154\301\061\306\224\301\214\274\304\000\040\263\331\307\221\000\040\302\034\301\034\306\100\000\040\311\021\254\004\000\040\300\260\315\234\273\074}{section.3}% 13
\BOOKMARK [3][-]{subsubsection.3.2.1}{\376\377\000s\000y\000m\000b\000o\000l\000\137\000i\000n\000d\000e\000x\000:\000\040\000r\000e\000p\000o\000s\000i\000t\000o\000r\000y\000\040\260\264\275\200\000\040\317\124\264\334\000\040\310\021\255\374}{subsection.3.2}% 14
\BOOKMARK [3][-]{subsubsection.3.2.2}{\376\377\000s\000o\000u\000r\000c\000e\000\137\000p\000o\000i\000n\000t\000e\000r\000:\000\040\000d\000i\000s\000k\000\040\306\170\275\200\000\040\307\220\270\314\000\040\310\021\255\374}{subsection.3.2}% 15
\BOOKMARK [3][-]{subsubsection.3.2.3}{\376\377\000r\000u\000n\000t\000i\000m\000e\000\137\000p\000o\000i\000n\000t\000e\000r\000:\000\040\302\344\325\211\000\040\311\021\000\040\300\335\301\061\264\034\000\040\000t\000o\000o\000l\000\040\000o\000u\000t\000p\000u\000t\000\040\310\021\255\374}{subsection.3.2}% 16
\BOOKMARK [3][-]{subsubsection.3.2.4}{\376\377\000s\000e\000l\000f\000\137\000e\000x\000t\000e\000n\000d\000:\000\040\256\064\000\040\000c\000o\000n\000t\000e\000x\000t\000\040\311\301\310\021\000\040\302\030\306\251\000\040\000f\000a\000l\000l\000b\000a\000c\000k}{subsection.3.2}% 17
\BOOKMARK [2][-]{subsection.3.3}{\376\377\254\034\301\040\310\020\000:\000\040\256\060\310\164\000\040\302\334\302\244\321\134\307\130\000\040\273\070\310\034\000\040\325\164\254\260}{section.3}% 18
\BOOKMARK [2][-]{subsection.3.4}{\376\377\314\050\274\304\310\020\000:\000\040\315\224\254\000\264\034\000\040\256\060\302\040\254\374\000\040\256\060\262\245}{section.3}% 19
\BOOKMARK [2][-]{subsection.3.5}{\376\377\272\251\310\001\254\374\000\040\255\154\326\004\000\040\274\051\302\335}{section.3}% 20
\BOOKMARK [1][-]{section.4}{\376\377\000E\000v\000a\000l\000u\000a\000t\000i\000o\000n}{}% 21
\BOOKMARK [2][-]{subsection.4.1}{\376\377\302\344\325\330\000\040\326\130\254\275}{section.4}% 22
\BOOKMARK [2][-]{subsection.4.2}{\376\377\000S\000y\000m\000b\000o\000l\000\040\000I\000n\000d\000e\000x\306\100\000\040\000S\000y\000m\000b\000o\000l\000\040\000B\000u\000n\000d\000l\000e\000\040\302\344\325\330}{section.4}% 23
\BOOKMARK [3][-]{subsubsection.4.2.1}{\376\377\276\104\255\120\000\040\274\051\302\335}{subsection.4.2}% 24
\BOOKMARK [3][-]{subsubsection.4.2.2}{\376\377\302\154\306\264\000\040\311\310\273\070\000\040\254\260\254\374}{subsection.4.2}% 25
\BOOKMARK [3][-]{subsubsection.4.2.3}{\376\377\000M\000e\000d\000i\000u\000m\000\040\000c\000o\000r\000p\000u\000s\000\040\254\260\254\374}{subsection.4.2}% 26
\BOOKMARK [3][-]{subsubsection.4.2.4}{\376\377\000H\000a\000r\000d\000\040\000t\000a\000s\000k\000\040\254\260\254\374}{subsection.4.2}% 27
\BOOKMARK [2][-]{subsection.4.3}{\376\377\000S\000o\000u\000r\000c\000e\000\040\000P\000o\000i\000n\000t\000e\000r\000\040\302\344\325\330}{section.4}% 28
\BOOKMARK [3][-]{subsubsection.4.3.1}{\376\377\276\104\255\120\000\040\274\051\302\335}{subsection.4.3}% 29
\BOOKMARK [3][-]{subsubsection.4.3.2}{\376\377\254\260\254\374\000\040\275\204\301\035}{subsection.4.3}% 30
\BOOKMARK [2][-]{subsection.4.4}{\376\377\000R\000u\000n\000t\000i\000m\000e\000\040\000P\000o\000i\000n\000t\000e\000r\000\040\302\344\325\330}{section.4}% 31
\BOOKMARK [3][-]{subsubsection.4.4.1}{\376\377\276\104\255\120\000\040\274\051\302\335}{subsection.4.4}% 32
\BOOKMARK [3][-]{subsubsection.4.4.2}{\376\377\254\260\254\374\000\040\275\204\301\035}{subsection.4.4}% 33
\BOOKMARK [2][-]{subsection.4.5}{\376\377\000S\000e\000l\000f\000-\000E\000x\000t\000e\000n\000d\000\040\302\344\325\330}{section.4}% 34
\BOOKMARK [3][-]{subsubsection.4.5.1}{\376\377\276\104\255\120\000\040\274\051\302\335}{subsection.4.5}% 35
\BOOKMARK [3][-]{subsubsection.4.5.2}{\376\377\254\260\254\374\000\040\275\204\301\035}{subsection.4.5}% 36
\BOOKMARK [2][-]{subsection.4.6}{\376\377\310\205\325\151\000\040\323\311\254\000}{section.4}% 37
\BOOKMARK [1][-]{section.5}{\376\377\000C\000o\000n\000c\000l\000u\000s\000i\000o\000n}{}% 38
